// Vitest Snapshot v1

exports[`Select > Select baseVue demo works fine 1`] = `
<t-space>
  <t-select
    options="[object Object],[object Object],[object Object],[object Object],[object Object],[object Object]"
    placeholder="请选择云解决方案"
  />
  <t-select
    placeholder="请选择云产品"
  >
    <t-option
      label="云服务器"
      value="1"
    />
    <t-option
      label="云数据库"
      value="2"
    />
    <t-option
      label="域名注册"
      value="3"
    />
    <t-option
      label="网站备案"
      value="4"
    />
    <t-option
      label="对象存储"
      value="5"
    />
    <t-option
      label="低代码平台"
      value="6"
    />
  </t-select>
</t-space>
`;

exports[`Select > Select collapsedVue demo works fine 1`] = `
<t-space
  direction="vertical"
>
  <t-select
    mincollapsednum="1"
    multiple=""
    options="[object Object],[object Object],[object Object]"
    placeholder="请选择"
  />
  <t-select
    collapseditems="function () { [native code] }"
    mincollapsednum="1"
    multiple=""
    options="[object Object],[object Object],[object Object]"
    placeholder="请选择"
  />
  <t-select
    mincollapsednum="1"
    multiple=""
    options="[object Object],[object Object],[object Object]"
    placeholder="请选择"
  />
</t-space>
`;

exports[`Select > Select creatableVue demo works fine 1`] = `
<t-space>
  <t-select
    creatable=""
    filterable=""
    options="[object Object],[object Object],[object Object]"
    placeholder="单选支持自定义创建"
    style="width: 200px; display: inline-block; margin: 0px 20px 20px 0px;"
  />
  <t-select
    creatable=""
    filterable=""
    multiple=""
    options="[object Object],[object Object],[object Object]"
    placeholder="多选支持自定义创建"
    style="width: 400px; display: inline-block;"
  />
</t-space>
`;

exports[`Select > Select customOptionsVue demo works fine 1`] = `
<t-space>
  <t-select
    options="[object Object],[object Object],[object Object],[object Object],[object Object],[object Object],[object Object],[object Object],[object Object]"
    placeholder="请选择"
    popupprops="[object Object]"
    style="width: 300px;"
  />
  <br />
  <br />
  <t-select
    placeholder="请选择"
    popupprops="[object Object]"
    style="width: 300px;"
  >
    <t-option
      label="用户一"
      value="1"
    >
      <div
        class="tdesign-demo__user-option"
      >
        <img
          src="https://tdesign.gtimg.com/site/avatar.jpg"
        />
        <div
          class="tdesign-demo__user-option-info"
        >
          <div>
            用户一
          </div>
          <div
            class="tdesign-demo__user-option-desc"
          >
            这是一段用户描述信息，可自定义内容
          </div>
        </div>
      </div>
    </t-option>
    <t-option
      label="用户二"
      value="2"
    >
      <div
        class="tdesign-demo__user-option"
      >
        <img
          src="https://tdesign.gtimg.com/site/avatar.jpg"
        />
        <div
          class="tdesign-demo__user-option-info"
        >
          <div>
            用户二
          </div>
          <div
            class="tdesign-demo__user-option-desc"
          >
            这是一段用户描述信息，可自定义内容
          </div>
        </div>
      </div>
    </t-option>
    <t-option
      label="用户三"
      value="3"
    >
      <div
        class="tdesign-demo__user-option"
      >
        <img
          src="https://tdesign.gtimg.com/site/avatar.jpg"
        />
        <div
          class="tdesign-demo__user-option-info"
        >
          <div>
            用户三
          </div>
          <div
            class="tdesign-demo__user-option-desc"
          >
            这是一段用户描述信息，可自定义内容
          </div>
        </div>
      </div>
    </t-option>
    <t-option
      label="用户四"
      value="4"
    >
      <div
        class="tdesign-demo__user-option"
      >
        <img
          src="https://tdesign.gtimg.com/site/avatar.jpg"
        />
        <div
          class="tdesign-demo__user-option-info"
        >
          <div>
            用户四
          </div>
          <div
            class="tdesign-demo__user-option-desc"
          >
            这是一段用户描述信息，可自定义内容
          </div>
        </div>
      </div>
    </t-option>
    <t-option
      label="用户五"
      value="5"
    >
      <div
        class="tdesign-demo__user-option"
      >
        <img
          src="https://tdesign.gtimg.com/site/avatar.jpg"
        />
        <div
          class="tdesign-demo__user-option-info"
        >
          <div>
            用户五
          </div>
          <div
            class="tdesign-demo__user-option-desc"
          >
            这是一段用户描述信息，可自定义内容
          </div>
        </div>
      </div>
    </t-option>
    <t-option
      label="用户六"
      value="6"
    >
      <div
        class="tdesign-demo__user-option"
      >
        <img
          src="https://tdesign.gtimg.com/site/avatar.jpg"
        />
        <div
          class="tdesign-demo__user-option-info"
        >
          <div>
            用户六
          </div>
          <div
            class="tdesign-demo__user-option-desc"
          >
            这是一段用户描述信息，可自定义内容
          </div>
        </div>
      </div>
    </t-option>
    <t-option
      label="用户七"
      value="7"
    >
      <div
        class="tdesign-demo__user-option"
      >
        <img
          src="https://tdesign.gtimg.com/site/avatar.jpg"
        />
        <div
          class="tdesign-demo__user-option-info"
        >
          <div>
            用户七
          </div>
          <div
            class="tdesign-demo__user-option-desc"
          >
            这是一段用户描述信息，可自定义内容
          </div>
        </div>
      </div>
    </t-option>
    <t-option
      label="用户八"
      value="8"
    >
      <div
        class="tdesign-demo__user-option"
      >
        <img
          src="https://tdesign.gtimg.com/site/avatar.jpg"
        />
        <div
          class="tdesign-demo__user-option-info"
        >
          <div>
            用户八
          </div>
          <div
            class="tdesign-demo__user-option-desc"
          >
            这是一段用户描述信息，可自定义内容
          </div>
        </div>
      </div>
    </t-option>
    <t-option
      label="用户九"
      value="9"
    >
      <div
        class="tdesign-demo__user-option"
      >
        <img
          src="https://tdesign.gtimg.com/site/avatar.jpg"
        />
        <div
          class="tdesign-demo__user-option-info"
        >
          <div>
            用户九
          </div>
          <div
            class="tdesign-demo__user-option-desc"
          >
            这是一段用户描述信息，可自定义内容
          </div>
        </div>
      </div>
    </t-option>
  </t-select>
</t-space>
`;

exports[`Select > Select customSelectedVue demo works fine 1`] = `
<t-space
  direction="vertical"
>
  <t-select
    clearable=""
    multiple=""
    options="[object Object],[object Object],[object Object],[object Object],[object Object],[object Object],[object Object],[object Object],[object Object]"
    placeholder="请选择"
    valuedisplay="function () { [native code] }"
  />
  <t-select
    clearable=""
    multiple=""
    options="[object Object],[object Object],[object Object],[object Object],[object Object],[object Object],[object Object],[object Object],[object Object]"
    placeholder="请选择"
  />
</t-space>
`;

exports[`Select > Select disabledVue demo works fine 1`] = `
<t-space>
  <t-select
    disabled=""
    filterable=""
    options="[object Object],[object Object],[object Object]"
    placeholder="-请选择-"
    style="width: 200px; display: inline-block; margin-right: 20px;"
  />
  <t-select
    disabled=""
    multiple=""
    options="[object Object],[object Object],[object Object]"
    placeholder="-请选择-"
    style="width: 200px; display: inline-block;"
  />
</t-space>
`;

exports[`Select > Select filterableVue demo works fine 1`] = `
<t-space>
  <t-select
    filterable=""
    options="[object Object],[object Object],[object Object]"
    placeholder="-请选择-"
    style="width: 200px; display: inline-block; margin: 0px 20px 20px 0px;"
  />
  <t-select
    filter="function () { [native code] }"
    multiple=""
    options="[object Object],[object Object],[object Object]"
    placeholder="-请选择-"
    style="width: 400px; display: inline-block;"
  />
</t-space>
`;

exports[`Select > Select groupVue demo works fine 1`] = `
<t-space>
  <t-select
    filterable=""
    options="[object Object],[object Object],[object Object]"
    placeholder="请选择"
  />
  <t-select
    filterable=""
    placeholder="请选择"
  >
    <t-option-group
      divider=""
      label="分组一"
    >
      <t-option
        label="选项一"
        value="1"
      >
         选项一 
      </t-option>
      <t-option
        label="选项二"
        value="2"
      >
         选项二 
      </t-option>
    </t-option-group>
    <t-option-group
      divider=""
      label="分组二"
    >
      <t-option
        label="选项三"
        value="4"
      >
         选项三 
      </t-option>
      <t-option
        label="选项四"
        value="5"
      >
         选项四 
      </t-option>
      <t-option
        label="选项五"
        value="6"
      >
         选项五 
      </t-option>
    </t-option-group>
    <t-option-group
      divider=""
      label="分组三"
    >
      <t-option
        label="选项六"
        value="7"
      >
         选项六 
      </t-option>
      <t-option
        label="选项七"
        value="8"
      >
         选项七 
      </t-option>
      <t-option
        label="选项八"
        value="9"
      >
         选项八 
      </t-option>
    </t-option-group>
  </t-select>
</t-space>
`;

exports[`Select > Select labelInValueVue demo works fine 1`] = `
<t-space>
  <t-select
    clearable=""
    options="[object Object],[object Object],[object Object]"
    placeholder="-请选择-"
    style="width: 200px; display: inline-block; margin-right: 20px;"
    valuetype="object"
  />
  <t-select
    clearable=""
    multiple=""
    options="[object Object],[object Object],[object Object]"
    placeholder="-请选择-"
    style="width: 200px; display: inline-block;"
    valuetype="object"
  />
</t-space>
`;

exports[`Select > Select maxVue demo works fine 1`] = `
<t-select
  max="2"
  multiple=""
  options="[object Object],[object Object],[object Object]"
  placeholder="-请选择-"
  style="width: 200px;"
/>
`;

exports[`Select > Select multipleVue demo works fine 1`] = `
<t-space
  direction="vertical"
>
  <t-select
    multiple=""
    options="[object Object],[object Object],[object Object],[object Object],[object Object],[object Object]"
    placeholder="请选择云解决方案"
  />
  <t-select
    multiple=""
    placeholder="请选择云产品"
  >
    <t-option
      label="云服务器"
      value="1"
    />
    <t-option
      label="云数据库"
      value="2"
    />
    <t-option
      label="域名注册"
      value="3"
    />
    <t-option
      label="网站备案"
      value="4"
    />
    <t-option
      label="对象存储"
      value="5"
    />
    <t-option
      label="低代码平台"
      value="6"
    />
  </t-select>
  <t-select
    mincollapsednum="2"
    multiple=""
    options="[object Object],[object Object],[object Object],[object Object],[object Object],[object Object]"
    placeholder="请选择云解决方案"
  />
</t-space>
`;

exports[`Select > Select noborderVue demo works fine 1`] = `
<t-space>
  <t-select
    clearable=""
    options="[object Object],[object Object],[object Object]"
    placeholder="-请选择-"
    style="width: 200px;"
  />
  <t-select
    auto-width=""
    clearable=""
    multiple=""
    options="[object Object],[object Object],[object Object]"
    placeholder="-请选择-"
  />
</t-space>
`;

exports[`Select > Select panelVue demo works fine 1`] = `
<t-space
  data-v-77d8cd0a=""
>
  <t-select
    clearable=""
    data-v-77d8cd0a=""
    options="[object Object],[object Object],[object Object],[object Object],[object Object]"
    placeholder="请选择云解决方案"
  >
    <div
      data-v-77d8cd0a=""
      slot="panelTopContent"
    >
      <t-textarea
        data-v-77d8cd0a=""
        placeholder="请输入关键词搜索"
      />
    </div>
  </t-select>
  <t-select
    clearable=""
    data-v-77d8cd0a=""
    options="[object Object],[object Object],[object Object]"
    placeholder="请选择云产品"
  >
    <div
      class="select-panel-footer"
      data-v-77d8cd0a=""
      slot="panelBottomContent"
    >
      <t-button
        data-v-77d8cd0a=""
        theme="primary"
        variant="text"
      >
        新增选项
      </t-button>
    </div>
  </t-select>
</t-space>
`;

exports[`Select > Select popupPropsVue demo works fine 1`] = `
<t-space>
  <t-select
    options="[object Object],[object Object]"
    placeholder="-请选择-"
    popupprops="[object Object]"
    style="width: 200px; display: inline-block;"
  />
  <t-select
    options="[object Object],[object Object]"
    placeholder="-请选择-"
    popupprops="[object Object]"
    style="width: 300px; display: inline-block; margin-left: 20px;"
  />
</t-space>
`;

exports[`Select > Select prefixVue demo works fine 1`] = `
<t-select
  clearable=""
  options="[object Object],[object Object],[object Object]"
  placeholder="-请选择-"
  style="width: 200px;"
>
  <svg
    class="t-icon t-icon-browse"
    slot="prefixIcon"
    style="margin-right: 8px;"
  >
    <use
      href="#t-icon-browse"
    />
  </svg>
</t-select>
`;

exports[`Select > Select remoteSearchVue demo works fine 1`] = `
<t-space>
  <t-select
    filterable=""
    onsearch="function () { [native code] }"
    options="[object Object],[object Object],[object Object]"
    placeholder="请选择"
    style="width: 200px; display: inline-block; margin: 0px 20px 20px 0px;"
    value-type="object"
  />
  <t-select
    filterable=""
    multiple=""
    options=""
    placeholder="请输入搜索"
    reservekeyword=""
    style="width: 400px; display: inline-block;"
    value-type="object"
  />
</t-space>
`;

exports[`Select > Select sizeVue demo works fine 1`] = `
<t-space
  align="center"
>
  <t-select
    clearable=""
    placeholder="请选择"
    popupprops="[object Object]"
    size="small"
    style="width: 200px; display: inline-block; margin-right: 20px;"
  >
    <t-option
      label="选项一"
      value="1"
    >
       选项一 
    </t-option>
    <t-option
      label="选项二"
      value="2"
    >
       选项二 
    </t-option>
    <t-option
      label="选项三"
      value="3"
    >
       选项三 
    </t-option>
  </t-select>
  <t-select
    options="[object Object],[object Object],[object Object]"
    placeholder="请选择"
    size="medium"
    style="width: 200px; display: inline-block; margin-right: 20px;"
  />
  <t-select
    options="[object Object],[object Object],[object Object]"
    placeholder="请选择"
    size="large"
    style="width: 200px; display: inline-block;"
  />
</t-space>
`;

exports[`Select > Select statusVue demo works fine 1`] = `
<t-space>
  <t-select
    options="[object Object],[object Object],[object Object],[object Object],[object Object]"
    placeholder="请选择云解决方案"
  />
  <t-select
    disabled=""
    options="[object Object],[object Object],[object Object],[object Object],[object Object]"
    placeholder="请选择云解决方案"
  />
  <t-select
    loading=""
    options="[object Object],[object Object],[object Object],[object Object],[object Object]"
    placeholder="请选择云解决方案"
  />
</t-space>
`;

exports[`Select > Select virtualScrollVue demo works fine 1`] = `
<t-select
  options="[object Object],[object Object],[object Object],[object Object],[object Object],[object Object],[object Object],[object Object],[object Object],[object Object],[object Object],[object Object],[object Object],[object Object],[object Object],[object Object],[object Object],[object Object],[object Object],[object Object],[object Object],[object Object],[object Object],[object Object],[object Object],[object Object],[object Object],[object Object],[object Object],[object Object],[object Object],[object Object],[object Object],[object Object],[object Object],[object Object],[object Object],[object Object],[object Object],[object Object],[object Object],[object Object],[object Object],[object Object],[object Object],[object Object],[object Object],[object Object],[object Object],[object Object],[object Object],[object Object],[object Object],[object Object],[object Object],[object Object],[object Object],[object Object],[object Object],[object Object],[object Object],[object Object],[object Object],[object Object],[object Object],[object Object],[object Object],[object Object],[object Object],[object Object],[object Object],[object Object],[object Object],[object Object],[object Object],[object Object],[object Object],[object Object],[object Object],[object Object],[object Object],[object Object],[object Object],[object Object],[object Object],[object Object],[object Object],[object Object],[object Object],[object Object],[object Object],[object Object],[object Object],[object Object],[object Object],[object Object],[object Object],[object Object],[object Object],[object Object],[object Object],[object Object],[object Object],[object Object],[object Object],[object Object],[object Object],[object Object],[object Object],[object Object],[object Object],[object Object],[object Object],[object Object],[object Object],[object Object],[object Object],[object Object],[object Object],[object Object],[object Object],[object Object],[object Object],[object Object],[object Object],[object Object],[object Object],[object Object],[object Object],[object Object],[object Object],[object Object],[object Object],[object Object],[object Object],[object Object],[object Object],[object Object],[object Object],[object Object],[object Object],[object Object],[object Object],[object Object],[object Object],[object Object],[object Object],[object Object],[object Object],[object Object],[object Object],[object Object],[object Object],[object Object],[object Object],[object Object],[object Object],[object Object],[object Object],[object Object],[object Object],[object Object],[object Object],[object Object],[object Object],[object Object],[object Object],[object Object],[object Object],[object Object],[object Object],[object Object],[object Object],[object Object],[object Object],[object Object],[object Object],[object Object],[object Object],[object Object],[object Object],[object Object],[object Object],[object Object],[object Object],[object Object],[object Object],[object Object],[object Object],[object Object],[object Object],[object Object],[object Object],[object Object],[object Object],[object Object],[object Object],[object Object],[object Object],[object Object],[object Object],[object Object],[object Object],[object Object],[object Object],[object Object],[object Object],[object Object],[object Object],[object Object],[object Object],[object Object],[object Object],[object Object],[object Object],[object Object],[object Object],[object Object],[object Object],[object Object],[object Object],[object Object],[object Object],[object Object],[object Object],[object Object],[object Object],[object Object],[object Object],[object Object],[object Object],[object Object],[object Object],[object Object],[object Object],[object Object],[object Object],[object Object],[object Object],[object Object],[object Object],[object Object],[object Object],[object Object],[object Object],[object Object],[object Object],[object Object],[object Object],[object Object],[object Object],[object Object],[object Object],[object Object],[object Object],[object Object],[object Object],[object Object],[object Object],[object Object],[object Object],[object Object],[object Object],[object Object],[object Object],[object Object],[object Object],[object Object],[object Object],[object Object],[object Object],[object Object],[object Object],[object Object],[object Object],[object Object],[object Object],[object Object],[object Object],[object Object],[object Object],[object Object],[object Object],[object Object],[object Object],[object Object],[object Object],[object Object],[object Object],[object Object],[object Object],[object Object],[object Object],[object Object],[object Object],[object Object],[object Object],[object Object],[object Object],[object Object],[object Object],[object Object],[object Object],[object Object],[object Object],[object Object],[object Object],[object Object],[object Object],[object Object],[object Object],[object Object],[object Object],[object Object],[object Object],[object Object],[object Object],[object Object],[object Object],[object Object],[object Object],[object Object],[object Object],[object Object],[object Object],[object Object],[object Object],[object Object],[object Object],[object Object],[object Object],[object Object],[object Object],[object Object],[object Object],[object Object],[object Object],[object Object],[object Object],[object Object],[object Object],[object Object],[object Object],[object Object],[object Object],[object Object],[object Object],[object Object],[object Object],[object Object],[object Object],[object Object],[object Object],[object Object],[object Object],[object Object],[object Object],[object Object],[object Object],[object Object],[object Object],[object Object],[object Object],[object Object],[object Object],[object Object],[object Object],[object Object],[object Object],[object Object],[object Object],[object Object],[object Object],[object Object],[object Object],[object Object],[object Object],[object Object],[object Object],[object Object],[object Object],[object Object],[object Object],[object Object],[object Object],[object Object],[object Object],[object Object],[object Object],[object Object],[object Object],[object Object],[object Object],[object Object],[object Object],[object Object],[object Object],[object Object],[object Object],[object Object],[object Object],[object Object],[object Object],[object Object],[object Object],[object Object],[object Object],[object Object],[object Object],[object Object],[object Object],[object Object],[object Object],[object Object],[object Object],[object Object],[object Object],[object Object],[object Object],[object Object],[object Object],[object Object],[object Object],[object Object],[object Object],[object Object],[object Object],[object Object],[object Object],[object Object],[object Object],[object Object],[object Object],[object Object],[object Object],[object Object],[object Object],[object Object],[object Object],[object Object],[object Object],[object Object],[object Object],[object Object],[object Object],[object Object],[object Object],[object Object],[object Object],[object Object],[object Object],[object Object],[object Object],[object Object],[object Object],[object Object],[object Object],[object Object],[object Object],[object Object],[object Object],[object Object],[object Object],[object Object],[object Object],[object Object],[object Object],[object Object],[object Object],[object Object],[object Object],[object Object],[object Object],[object Object],[object Object],[object Object],[object Object],[object Object],[object Object],[object Object],[object Object],[object Object],[object Object],[object Object],[object Object],[object Object],[object Object],[object Object],[object Object],[object Object],[object Object],[object Object],[object Object],[object Object],[object Object],[object Object],[object Object],[object Object],[object Object],[object Object],[object Object],[object Object],[object Object],[object Object],[object Object],[object Object],[object Object],[object Object],[object Object],[object Object],[object Object],[object Object],[object Object],[object Object],[object Object],[object Object],[object Object],[object Object],[object Object],[object Object],[object Object],[object Object],[object Object],[object Object],[object Object],[object Object],[object Object],[object Object],[object Object],[object Object],[object Object],[object Object],[object Object],[object Object],[object Object],[object Object],[object Object],[object Object],[object Object],[object Object],[object Object],[object Object],[object Object],[object Object],[object Object],[object Object],[object Object],[object Object],[object Object],[object Object],[object Object],[object Object],[object Object],[object Object],[object Object],[object Object],[object Object],[object Object],[object Object],[object Object],[object Object],[object Object],[object Object],[object Object],[object Object],[object Object],[object Object],[object Object],[object Object],[object Object],[object Object],[object Object],[object Object],[object Object],[object Object],[object Object],[object Object],[object Object],[object Object],[object Object],[object Object],[object Object],[object Object],[object Object],[object Object],[object Object],[object Object],[object Object],[object Object],[object Object],[object Object],[object Object],[object Object],[object Object],[object Object],[object Object],[object Object],[object Object],[object Object],[object Object],[object Object],[object Object],[object Object],[object Object],[object Object],[object Object],[object Object],[object Object],[object Object],[object Object],[object Object],[object Object],[object Object],[object Object],[object Object],[object Object],[object Object],[object Object],[object Object],[object Object],[object Object],[object Object],[object Object],[object Object],[object Object],[object Object],[object Object],[object Object],[object Object],[object Object],[object Object],[object Object],[object Object],[object Object],[object Object],[object Object],[object Object],[object Object],[object Object],[object Object],[object Object],[object Object],[object Object],[object Object],[object Object],[object Object],[object Object],[object Object],[object Object],[object Object],[object Object],[object Object],[object Object],[object Object],[object Object],[object Object],[object Object],[object Object],[object Object],[object Object],[object Object],[object Object],[object Object],[object Object],[object Object],[object Object],[object Object],[object Object],[object Object],[object Object],[object Object],[object Object],[object Object],[object Object],[object Object],[object Object],[object Object],[object Object],[object Object],[object Object],[object Object],[object Object],[object Object],[object Object],[object Object],[object Object],[object Object],[object Object],[object Object],[object Object],[object Object],[object Object],[object Object],[object Object],[object Object],[object Object],[object Object],[object Object],[object Object],[object Object],[object Object],[object Object],[object Object],[object Object],[object Object],[object Object],[object Object],[object Object],[object Object],[object Object],[object Object],[object Object],[object Object],[object Object],[object Object],[object Object],[object Object],[object Object],[object Object],[object Object],[object Object],[object Object],[object Object],[object Object],[object Object],[object Object],[object Object],[object Object],[object Object],[object Object],[object Object],[object Object],[object Object],[object Object],[object Object],[object Object],[object Object],[object Object],[object Object],[object Object],[object Object],[object Object],[object Object],[object Object],[object Object],[object Object],[object Object],[object Object],[object Object],[object Object],[object Object],[object Object],[object Object],[object Object],[object Object],[object Object],[object Object],[object Object],[object Object],[object Object],[object Object],[object Object],[object Object],[object Object],[object Object],[object Object],[object Object],[object Object],[object Object],[object Object],[object Object],[object Object],[object Object],[object Object],[object Object],[object Object],[object Object],[object Object],[object Object],[object Object],[object Object],[object Object],[object Object],[object Object],[object Object],[object Object],[object Object],[object Object],[object Object],[object Object],[object Object],[object Object],[object Object],[object Object],[object Object],[object Object],[object Object],[object Object],[object Object],[object Object],[object Object],[object Object],[object Object],[object Object],[object Object],[object Object],[object Object],[object Object],[object Object],[object Object],[object Object],[object Object],[object Object],[object Object],[object Object],[object Object],[object Object],[object Object],[object Object],[object Object],[object Object],[object Object],[object Object],[object Object],[object Object],[object Object],[object Object],[object Object],[object Object],[object Object],[object Object],[object Object],[object Object],[object Object],[object Object],[object Object],[object Object],[object Object],[object Object],[object Object],[object Object],[object Object],[object Object],[object Object],[object Object],[object Object],[object Object],[object Object],[object Object],[object Object],[object Object],[object Object],[object Object],[object Object],[object Object],[object Object],[object Object],[object Object],[object Object],[object Object],[object Object],[object Object],[object Object],[object Object],[object Object],[object Object],[object Object],[object Object],[object Object],[object Object],[object Object],[object Object],[object Object],[object Object],[object Object],[object Object],[object Object],[object Object],[object Object],[object Object],[object Object],[object Object],[object Object],[object Object],[object Object],[object Object],[object Object],[object Object],[object Object],[object Object],[object Object],[object Object],[object Object],[object Object],[object Object],[object Object],[object Object],[object Object],[object Object],[object Object],[object Object],[object Object],[object Object],[object Object],[object Object],[object Object],[object Object],[object Object],[object Object],[object Object],[object Object],[object Object],[object Object],[object Object],[object Object],[object Object],[object Object],[object Object],[object Object],[object Object],[object Object],[object Object],[object Object],[object Object],[object Object],[object Object],[object Object],[object Object],[object Object],[object Object],[object Object],[object Object],[object Object],[object Object],[object Object],[object Object],[object Object],[object Object],[object Object],[object Object],[object Object],[object Object],[object Object],[object Object],[object Object],[object Object],[object Object],[object Object],[object Object],[object Object],[object Object],[object Object],[object Object],[object Object],[object Object],[object Object],[object Object],[object Object],[object Object],[object Object],[object Object],[object Object],[object Object],[object Object],[object Object],[object Object],[object Object],[object Object],[object Object],[object Object],[object Object],[object Object],[object Object],[object Object],[object Object],[object Object],[object Object],[object Object],[object Object],[object Object],[object Object],[object Object],[object Object],[object Object],[object Object],[object Object],[object Object],[object Object],[object Object],[object Object],[object Object],[object Object],[object Object],[object Object],[object Object],[object Object],[object Object],[object Object],[object Object],[object Object]"
  placeholder="请选择"
  popup-props="[object Object]"
  scroll="[object Object]"
  style="width: 300px;"
/>
`;
